// Jest Snapshot v1, https://goo.gl/fbAQLP

exports[`<App /> mount rendering matches the snapshot 1`] = `
<App>
  <div
    className="App"
  >
    <header
      className="App-header"
    >
      <img
        alt="logo"
        className="App-logo"
        src="logo.svg"
      />
      <h1
        className="App-title"
      >
        Welcome to React
      </h1>
    </header>
    <p
      className="App-intro"
    >
      Hello World
    </p>
  </div>
</App>
`;

exports[`<App /> shallow rendering matches the snapshot 1`] = `
<div
  className="App"
>
  <header
    className="App-header"
  >
    <img
      alt="logo"
      className="App-logo"
      src="logo.svg"
    />
    <h1
      className="App-title"
    >
      Welcome to React
    </h1>
  </header>
  <p
    className="App-intro"
  >
    Hello World
  </p>
</div>
`;
